// Jest Snapshot v1, https://goo.gl/fbAQLP

exports[`PokemonPage component should match the snapshot 1`] = `
<h1>Waiting...</h1>
<img src="" alt="pokeball" width="200" height="200">
`;

exports[`PokemonPage component should match the snapshot when the pokemons are loaded 1`] = `
<div>
  <h1>Who's that Pokémon?</h1>
  <pokemon-picture-stub pokemonid="5" showpokemon="false"></pokemon-picture-stub>
  <pokemon-options-stub pokemons="[object Object],[object Object],[object Object],[object Object]"></pokemon-options-stub>
  <!--v-if--><img class="bottomElement" src="" alt="pokeball" width="100" height="100">
</div>
`;
